// Jest Snapshot v1, https://jestjs.io/docs/snapshot-testing

exports[`main component matches snapshot 1`] = `
<DocumentFragment>
  <div
    class="flex flex-col items-center gap-4"
  >
    <h1
      class="pt-10 text-4xl font-bold"
    >
      Jest Test
    </h1>
    <p
      class=" text-lg"
    >
      Let's try writing some unit tests!
    </p>
    <img
      alt="Test Image"
      data-nimg="1"
      decoding="async"
      height="100"
      loading="lazy"
      src="/_next/image?url=%2Ftest-image.jpg&w=828&q=75"
      srcset="/_next/image?url=%2Ftest-image.jpg&w=640&q=75 1x, /_next/image?url=%2Ftest-image.jpg&w=828&q=75 2x"
      style="color: transparent;"
      width="400"
    />
    <p
      class="text-sm text-gray-500"
    >
      Photo taken from:
      <a
        class="text-blue-500 hover:underline ml-2"
        data-testid="pexels-link"
        href="https://www.pexels.com/photo/time-displayed-on-top-of-a-building-1824273/"
      >
        pexels
      </a>
    </p>
    <button
      class="px-6 py-3 bg-blue-500 text-white rounded-lg hover:bg-blue-600 transition-colors duration-200 mt-4"
    >
      <a
        href="#secondary"
      >
        Go to Secondary Section
      </a>
    </button>
  </div>
</DocumentFragment>
`;
